digraph {
	A [style=filled fillcolor=red color=blue]
}
