digraph {
	A:ne -> B:sw
	C:foo -> D:bar:se
	E -> F
	G:n
	H:e
	I:s
	J:w
	K:nw
	L:c
}
