graph {
	node []
	node []
	node []
	edge []
	edge []
	edge []
	{}
	{}
	{}
	{}
	subgraph S {}
	A
	B [style=filled fillcolor=red]
	C:nw -- D:se
	"foo"
	.10
	-20
	3.14
	F [label=<<div>foo</div>>]
	H [label=<<div>â†’</div>>]
	_foo
	a10
}
graph {
}
graph {
}
digraph {
}
digraph {
}
digraph {
}
digraph {
}
digraph {
}
